{
  "cpu": true,
  "cuda": false,
  "dml": false
}
