{
  "f0": [
    0.0,
    0.0,
    46.64,
    46.64,
    46.64,
    46.64,
    46.64,
    46.64,
    46.64,
    46.64,
    46.4,
    46.4,
    46.62,
    46.67,
    83.1,
    83.1,
    82.97,
    0.0,
    0.0,
    0.0,
    0.0,
    0.0,
    0.0,
    0.0,
    0.0,
    0.0,
    0.0
  ],
  "outputSamplingRate": 24000,
  "outputStereo": false,
  "phonemes": [
    {
      "frame_length": 2,
      "phoneme": "pau"
    },
    {
      "frame_length": 8,
      "phoneme": "t"
    },
    {
      "frame_length": 2,
      "phoneme": "e"
    },
    {
      "frame_length": 1,
      "phoneme": "s"
    },
    {
      "frame_length": 1,
      "phoneme": "u"
    },
    {
      "frame_length": 2,
      "phoneme": "t"
    },
    {
      "frame_length": 1,
      "phoneme": "o"
    },
    {
      "frame_length": 10,
      "phoneme": "pau"
    }
  ],
  "volume": [
    0.0,
    0.0,
    0.33,
    0.33,
    0.33,
    0.33,
    0.33,
    0.33,
    0.33,
    0.33,
    0.13,
    0.13,
    0.32,
    0.36,
    0.79,
    0.79,
    0.64,
    0.0,
    0.0,
    0.0,
    0.0,
    0.0,
    0.0,
    0.0,
    0.0,
    0.0,
    0.0
  ],
  "volumeScale": 1.0
}
