[
  [
    {
      "frame_length": 4,
      "note_id": null,
      "phoneme": "pau"
    },
    {
      "frame_length": 6,
      "note_id": null,
      "phoneme": "d"
    },
    {
      "frame_length": 4,
      "note_id": null,
      "phoneme": "o"
    },
    {
      "frame_length": 8,
      "note_id": null,
      "phoneme": "r"
    },
    {
      "frame_length": 13,
      "note_id": null,
      "phoneme": "e"
    },
    {
      "frame_length": 4,
      "note_id": null,
      "phoneme": "m"
    },
    {
      "frame_length": 21,
      "note_id": null,
      "phoneme": "i"
    },
    {
      "frame_length": 3,
      "note_id": null,
      "phoneme": "pau"
    },
    {
      "frame_length": 2,
      "note_id": null,
      "phoneme": "f"
    },
    {
      "frame_length": 6,
      "note_id": null,
      "phoneme": "a"
    },
    {
      "frame_length": 6,
      "note_id": null,
      "phoneme": "s"
    },
    {
      "frame_length": 17,
      "note_id": null,
      "phoneme": "o"
    },
    {
      "frame_length": 10,
      "note_id": null,
      "phoneme": "pau"
    }
  ],
  [
    0.0,
    0.0,
    0.0,
    0.0,
    262.93,
    262.93,
    262.93,
    262.93,
    262.93,
    262.93,
    264.0,
    264.0,
    264.0,
    264.0,
    296.53,
    296.53,
    296.53,
    296.53,
    296.53,
    296.53,
    296.53,
    296.53,
    295.27,
    295.27,
    295.27,
    295.27,
    295.27,
    295.27,
    295.27,
    295.27,
    295.27,
    295.27,
    295.27,
    295.27,
    295.27,
    332.32,
    332.32,
    332.32,
    332.32,
    331.95,
    331.95,
    331.95,
    331.95,
    331.95,
    331.95,
    331.95,
    331.95,
    331.95,
    331.95,
    331.95,
    331.95,
    331.95,
    331.95,
    331.95,
    331.95,
    331.95,
    331.95,
    331.95,
    331.95,
    331.95,
    0.0,
    0.0,
    0.0,
    351.21,
    351.21,
    350.58,
    350.58,
    350.58,
    350.58,
    350.58,
    350.58,
    396.0,
    396.0,
    396.0,
    396.0,
    396.0,
    396.0,
    395.56,
    395.56,
    395.56,
    395.56,
    395.56,
    395.56,
    395.56,
    395.56,
    395.56,
    395.56,
    395.56,
    395.56,
    395.56,
    395.56,
    395.56,
    395.56,
    395.56,
    0.0,
    0.0,
    0.0,
    0.0,
    0.0,
    0.0,
    0.0,
    0.0,
    0.0,
    0.0
  ],
  [
    0.0,
    0.0,
    0.0,
    0.0,
    0.61,
    0.61,
    0.61,
    0.61,
    0.61,
    0.61,
    1.53,
    1.53,
    1.53,
    1.53,
    1.96,
    1.96,
    1.96,
    1.96,
    1.96,
    1.96,
    1.96,
    1.96,
    0.83,
    0.83,
    0.83,
    0.83,
    0.83,
    0.83,
    0.83,
    0.83,
    0.83,
    0.83,
    0.83,
    0.83,
    0.83,
    1.79,
    1.79,
    1.79,
    1.79,
    1.44,
    1.44,
    1.44,
    1.44,
    1.44,
    1.44,
    1.44,
    1.44,
    1.44,
    1.44,
    1.44,
    1.44,
    1.44,
    1.44,
    1.44,
    1.44,
    1.44,
    1.44,
    1.44,
    1.44,
    1.44,
    0.0,
    0.0,
    0.0,
    1.11,
    1.11,
    0.51,
    0.51,
    0.51,
    0.51,
    0.51,
    0.51,
    3.0,
    3.0,
    3.0,
    3.0,
    3.0,
    3.0,
    2.57,
    2.57,
    2.57,
    2.57,
    2.57,
    2.57,
    2.57,
    2.57,
    2.57,
    2.57,
    2.57,
    2.57,
    2.57,
    2.57,
    2.57,
    2.57,
    2.57,
    0.0,
    0.0,
    0.0,
    0.0,
    0.0,
    0.0,
    0.0,
    0.0,
    0.0,
    0.0
  ]
]
