[
  {
    "accent": 5,
    "is_interrogative": false,
    "moras": [
      {
        "consonant": "k",
        "consonant_length": 2.44,
        "pitch": 5.0,
        "text": "コ",
        "vowel": "o",
        "vowel_length": 2.88
      },
      {
        "consonant": null,
        "consonant_length": null,
        "pitch": 5.0,
        "text": "ン",
        "vowel": "N",
        "vowel_length": 1.25
      },
      {
        "consonant": "n",
        "consonant_length": 2.75,
        "pitch": 5.0,
        "text": "ニ",
        "vowel": "i",
        "vowel_length": 2.31
      },
      {
        "consonant": "ch",
        "consonant_length": 1.62,
        "pitch": 5.0,
        "text": "チ",
        "vowel": "i",
        "vowel_length": 2.31
      },
      {
        "consonant": "w",
        "consonant_length": 3.62,
        "pitch": 5.0,
        "text": "ワ",
        "vowel": "a",
        "vowel_length": 1.44
      }
    ],
    "pause_mora": {
      "consonant": null,
      "consonant_length": null,
      "pitch": 0.0,
      "text": "、",
      "vowel": "pau",
      "vowel_length": 1.0
    }
  },
  {
    "accent": 1,
    "is_interrogative": false,
    "moras": [
      {
        "consonant": "h",
        "consonant_length": 2.19,
        "pitch": 0.0,
        "text": "ヒ",
        "vowel": "i",
        "vowel_length": 2.31
      },
      {
        "consonant": "h",
        "consonant_length": 2.19,
        "pitch": 5.0,
        "text": "ホ",
        "vowel": "o",
        "vowel_length": 2.88
      },
      {
        "consonant": "d",
        "consonant_length": 1.75,
        "pitch": 5.0,
        "text": "デ",
        "vowel": "e",
        "vowel_length": 1.88
      },
      {
        "consonant": "s",
        "consonant_length": 3.19,
        "pitch": 0.0,
        "text": "ス",
        "vowel": "U",
        "vowel_length": 1.38
      }
    ],
    "pause_mora": null
  }
]
