"array([[[0.9609833, 0.9609833],\n        [1.4016975, 1.4016975],\n        [1.2391852, 1.2391852],\n        ...,\n        [1.3169208, 1.3169208],\n        [1.2668035, 1.2668035],\n        [1.3737686, 1.3737686]]], dtype=float32)"
