[
  0.0,
  0.0,
  0.0,
  0.0,
  0.61,
  0.61,
  0.61,
  0.61,
  0.61,
  0.61,
  1.53,
  1.53,
  1.53,
  1.53,
  1.96,
  1.96,
  1.96,
  1.96,
  1.96,
  1.96,
  1.96,
  1.96,
  0.83,
  0.83,
  0.83,
  0.83,
  0.83,
  0.83,
  0.83,
  0.83,
  0.83,
  0.83,
  0.83,
  0.83,
  0.83,
  1.79,
  1.79,
  1.79,
  1.79,
  1.44,
  1.44,
  1.44,
  1.44,
  1.44,
  1.44,
  1.44,
  1.44,
  1.44,
  1.44,
  1.44,
  1.44,
  1.44,
  1.44,
  1.44,
  1.44,
  1.44,
  1.44,
  1.44,
  1.44,
  1.44,
  0.0,
  0.0,
  0.0,
  1.11,
  1.11,
  0.51,
  0.51,
  0.51,
  0.51,
  0.51,
  0.51,
  3.0,
  3.0,
  3.0,
  3.0,
  3.0,
  3.0,
  2.57,
  2.57,
  2.57,
  2.57,
  2.57,
  2.57,
  2.57,
  2.57,
  2.57,
  2.57,
  2.57,
  2.57,
  2.57,
  2.57,
  2.57,
  2.57,
  2.57,
  0.0,
  0.0,
  0.0,
  0.0,
  0.0,
  0.0,
  0.0,
  0.0,
  0.0,
  0.0
]
