[
  [
    0.7
  ],
  [
    1.41
  ],
  [
    1.24
  ],
  [
    1.34
  ],
  [
    1.27
  ],
  [
    1.32
  ],
  [
    1.28
  ],
  [
    1.31
  ],
  [
    1.29
  ],
  [
    1.31
  ],
  [
    1.3
  ],
  [
    1.3
  ],
  [
    1.3
  ],
  [
    1.3
  ],
  [
    1.3
  ],
  [
    1.3
  ],
  [
    1.3
  ],
  [
    1.3
  ],
  [
    1.3
  ],
  [
    1.3
  ],
  [
    1.3
  ],
  [
    1.3
  ],
  [
    1.3
  ],
  [
    1.3
  ],
  [
    1.3
  ],
  [
    1.3
  ],
  [
    1.3
  ],
  [
    1.3
  ],
  [
    1.3
  ],
  [
    1.3
  ],
  [
    1.3
  ],
  [
    1.3
  ],
  [
    1.3
  ],
  [
    1.3
  ],
  [
    1.3
  ],
  [
    1.3
  ],
  [
    1.3
  ],
  [
    1.3
  ],
  [
    1.3
  ],
  [
    1.3
  ],
  [
    1.3
  ],
  [
    1.3
  ],
  [
    1.3
  ],
  [
    1.3
  ],
  [
    1.3
  ],
  [
    1.3
  ],
  [
    1.3
  ],
  [
    1.3
  ],
  [
    1.29
  ],
  [
    1.31
  ],
  [
    1.29
  ],
  [
    1.35
  ],
  [
    1.45
  ],
  [
    1.44
  ],
  [
    1.44
  ],
  [
    1.44
  ],
  [
    1.44
  ],
  [
    1.44
  ],
  [
    1.44
  ],
  [
    1.44
  ],
  [
    1.44
  ],
  [
    1.44
  ],
  [
    1.44
  ],
  [
    1.44
  ],
  [
    1.44
  ],
  [
    1.44
  ],
  [
    1.44
  ],
  [
    1.44
  ],
  [
    1.44
  ],
  [
    1.44
  ],
  [
    1.44
  ],
  [
    1.44
  ],
  [
    1.44
  ],
  [
    1.44
  ],
  [
    1.44
  ],
  [
    1.44
  ],
  [
    1.44
  ],
  [
    1.44
  ],
  [
    1.44
  ],
  [
    1.44
  ],
  [
    1.44
  ],
  [
    1.44
  ],
  [
    1.44
  ],
  [
    1.44
  ],
  [
    1.44
  ],
  [
    1.44
  ],
  [
    1.44
  ],
  [
    1.44
  ],
  [
    1.44
  ],
  [
    1.44
  ],
  [
    1.44
  ],
  [
    1.44
  ],
  [
    1.44
  ],
  [
    1.44
  ],
  [
    1.44
  ],
  [
    1.44
  ],
  [
    1.44
  ],
  [
    1.44
  ],
  [
    1.44
  ],
  [
    1.44
  ],
  [
    1.44
  ],
  [
    1.44
  ],
  [
    1.44
  ],
  [
    1.44
  ],
  [
    1.44
  ],
  [
    1.44
  ],
  [
    1.44
  ],
  [
    1.45
  ],
  [
    1.44
  ],
  [
    1.45
  ],
  [
    1.44
  ],
  [
    1.45
  ],
  [
    1.44
  ],
  [
    1.44
  ],
  [
    1.44
  ],
  [
    1.44
  ],
  [
    1.44
  ],
  [
    1.44
  ],
  [
    1.44
  ],
  [
    1.44
  ],
  [
    1.45
  ],
  [
    1.44
  ],
  [
    1.45
  ],
  [
    1.43
  ],
  [
    1.46
  ],
  [
    1.42
  ],
  [
    1.48
  ],
  [
    1.38
  ],
  [
    1.84
  ],
  [
    2.27
  ],
  [
    2.16
  ],
  [
    2.22
  ],
  [
    2.18
  ],
  [
    2.21
  ],
  [
    2.19
  ],
  [
    2.2
  ],
  [
    2.19
  ],
  [
    2.2
  ],
  [
    2.2
  ],
  [
    2.2
  ],
  [
    2.2
  ],
  [
    2.2
  ],
  [
    2.2
  ],
  [
    2.2
  ],
  [
    2.2
  ],
  [
    2.19
  ],
  [
    2.2
  ],
  [
    2.19
  ],
  [
    2.2
  ],
  [
    2.19
  ],
  [
    2.2
  ],
  [
    2.19
  ],
  [
    2.2
  ],
  [
    2.19
  ],
  [
    2.2
  ],
  [
    2.19
  ],
  [
    2.2
  ],
  [
    2.19
  ],
  [
    2.2
  ],
  [
    2.2
  ],
  [
    2.2
  ],
  [
    2.2
  ],
  [
    2.2
  ],
  [
    2.2
  ],
  [
    2.2
  ],
  [
    2.2
  ],
  [
    2.2
  ],
  [
    2.2
  ],
  [
    2.19
  ],
  [
    2.2
  ],
  [
    2.19
  ],
  [
    2.2
  ],
  [
    2.19
  ],
  [
    2.21
  ],
  [
    2.19
  ],
  [
    2.21
  ],
  [
    2.18
  ],
  [
    2.22
  ],
  [
    2.15
  ],
  [
    2.37
  ],
  [
    2.75
  ],
  [
    2.7
  ],
  [
    2.73
  ],
  [
    2.71
  ],
  [
    2.72
  ],
  [
    2.71
  ],
  [
    2.72
  ],
  [
    2.72
  ],
  [
    2.71
  ],
  [
    2.72
  ],
  [
    2.71
  ],
  [
    2.72
  ],
  [
    2.71
  ],
  [
    2.72
  ],
  [
    2.71
  ],
  [
    2.72
  ],
  [
    2.71
  ],
  [
    2.72
  ],
  [
    2.71
  ],
  [
    2.72
  ],
  [
    2.71
  ],
  [
    2.72
  ],
  [
    2.71
  ],
  [
    2.72
  ],
  [
    2.71
  ],
  [
    2.72
  ],
  [
    2.72
  ],
  [
    2.72
  ],
  [
    2.72
  ],
  [
    2.72
  ],
  [
    2.72
  ],
  [
    2.72
  ],
  [
    2.72
  ],
  [
    2.72
  ],
  [
    2.72
  ],
  [
    2.72
  ],
  [
    2.72
  ],
  [
    2.72
  ],
  [
    2.72
  ],
  [
    2.72
  ],
  [
    2.72
  ],
  [
    2.72
  ],
  [
    2.72
  ],
  [
    2.72
  ],
  [
    2.72
  ],
  [
    2.72
  ],
  [
    2.72
  ],
  [
    2.72
  ],
  [
    2.72
  ],
  [
    2.72
  ],
  [
    2.72
  ],
  [
    2.72
  ],
  [
    2.72
  ],
  [
    2.72
  ],
  [
    2.72
  ],
  [
    2.72
  ],
  [
    2.72
  ],
  [
    2.72
  ],
  [
    2.72
  ],
  [
    2.72
  ],
  [
    2.71
  ],
  [
    2.72
  ],
  [
    2.71
  ],
  [
    2.72
  ],
  [
    2.71
  ],
  [
    2.72
  ],
  [
    2.71
  ],
  [
    2.72
  ],
  [
    2.71
  ],
  [
    2.72
  ],
  [
    2.71
  ],
  [
    2.72
  ],
  [
    2.71
  ],
  [
    2.72
  ],
  [
    2.71
  ],
  [
    2.72
  ],
  [
    2.72
  ],
  [
    2.72
  ],
  [
    2.72
  ],
  [
    2.71
  ],
  [
    2.72
  ],
  [
    2.71
  ],
  [
    2.72
  ],
  [
    2.71
  ],
  [
    2.72
  ],
  [
    2.71
  ],
  [
    2.72
  ],
  [
    2.71
  ],
  [
    2.72
  ],
  [
    2.71
  ],
  [
    2.73
  ],
  [
    2.71
  ],
  [
    2.73
  ],
  [
    2.7
  ],
  [
    2.73
  ],
  [
    2.7
  ],
  [
    2.73
  ],
  [
    2.7
  ],
  [
    2.73
  ],
  [
    2.7
  ],
  [
    2.73
  ],
  [
    2.68
  ],
  [
    1.7
  ],
  [
    1.5
  ],
  [
    1.58
  ],
  [
    1.53
  ],
  [
    1.57
  ],
  [
    1.53
  ],
  [
    1.57
  ],
  [
    1.54
  ],
  [
    1.57
  ],
  [
    1.54
  ],
  [
    1.56
  ],
  [
    1.54
  ],
  [
    1.56
  ],
  [
    1.55
  ],
  [
    1.56
  ],
  [
    1.55
  ],
  [
    1.56
  ],
  [
    1.55
  ],
  [
    1.55
  ],
  [
    1.55
  ],
  [
    1.55
  ],
  [
    1.55
  ],
  [
    1.55
  ],
  [
    1.55
  ],
  [
    1.55
  ],
  [
    1.55
  ],
  [
    1.55
  ],
  [
    1.55
  ],
  [
    1.55
  ],
  [
    1.55
  ],
  [
    1.55
  ],
  [
    1.55
  ],
  [
    1.55
  ],
  [
    1.55
  ],
  [
    1.55
  ],
  [
    1.55
  ],
  [
    1.55
  ],
  [
    1.55
  ],
  [
    1.55
  ],
  [
    1.55
  ],
  [
    1.55
  ],
  [
    1.55
  ],
  [
    1.55
  ],
  [
    1.55
  ],
  [
    1.55
  ],
  [
    1.55
  ],
  [
    1.55
  ],
  [
    1.55
  ],
  [
    1.55
  ],
  [
    1.55
  ],
  [
    1.55
  ],
  [
    1.55
  ],
  [
    1.55
  ],
  [
    1.55
  ],
  [
    1.55
  ],
  [
    1.55
  ],
  [
    1.55
  ],
  [
    1.55
  ],
  [
    1.55
  ],
  [
    1.55
  ],
  [
    1.55
  ],
  [
    1.55
  ],
  [
    1.55
  ],
  [
    1.55
  ],
  [
    1.55
  ],
  [
    1.55
  ],
  [
    1.55
  ],
  [
    1.55
  ],
  [
    1.55
  ],
  [
    1.55
  ],
  [
    1.55
  ],
  [
    1.55
  ],
  [
    1.55
  ],
  [
    1.55
  ],
  [
    1.55
  ],
  [
    1.55
  ],
  [
    1.55
  ],
  [
    1.55
  ],
  [
    1.55
  ],
  [
    1.55
  ],
  [
    1.55
  ],
  [
    1.55
  ],
  [
    1.55
  ],
  [
    1.55
  ],
  [
    1.55
  ],
  [
    1.55
  ],
  [
    1.55
  ],
  [
    1.55
  ],
  [
    1.55
  ],
  [
    1.55
  ],
  [
    1.55
  ],
  [
    1.55
  ],
  [
    1.55
  ],
  [
    1.55
  ],
  [
    1.55
  ],
  [
    1.55
  ],
  [
    1.55
  ],
  [
    1.55
  ],
  [
    1.55
  ],
  [
    1.55
  ],
  [
    1.55
  ],
  [
    1.55
  ],
  [
    1.55
  ],
  [
    1.55
  ],
  [
    1.55
  ],
  [
    1.55
  ],
  [
    1.55
  ],
  [
    1.55
  ],
  [
    1.55
  ],
  [
    1.55
  ],
  [
    1.55
  ],
  [
    1.55
  ],
  [
    1.55
  ],
  [
    1.55
  ],
  [
    1.55
  ],
  [
    1.55
  ],
  [
    1.55
  ],
  [
    1.55
  ],
  [
    1.55
  ],
  [
    1.55
  ],
  [
    1.55
  ],
  [
    1.55
  ],
  [
    1.55
  ],
  [
    1.55
  ],
  [
    1.55
  ],
  [
    1.55
  ],
  [
    1.55
  ],
  [
    1.55
  ],
  [
    1.55
  ],
  [
    1.55
  ],
  [
    1.55
  ],
  [
    1.55
  ],
  [
    1.55
  ],
  [
    1.55
  ],
  [
    1.55
  ],
  [
    1.55
  ],
  [
    1.55
  ],
  [
    1.55
  ],
  [
    1.55
  ],
  [
    1.55
  ],
  [
    1.55
  ],
  [
    1.56
  ],
  [
    1.55
  ],
  [
    1.56
  ],
  [
    1.55
  ],
  [
    1.56
  ],
  [
    1.55
  ],
  [
    1.56
  ],
  [
    1.55
  ],
  [
    1.56
  ],
  [
    1.55
  ],
  [
    1.56
  ],
  [
    1.55
  ],
  [
    1.55
  ],
  [
    1.55
  ],
  [
    1.55
  ],
  [
    1.55
  ],
  [
    1.55
  ],
  [
    1.56
  ],
  [
    1.55
  ],
  [
    1.56
  ],
  [
    1.54
  ],
  [
    1.57
  ],
  [
    1.53
  ],
  [
    1.59
  ],
  [
    1.48
  ],
  [
    2.02
  ],
  [
    2.52
  ],
  [
    2.4
  ],
  [
    2.47
  ],
  [
    2.42
  ],
  [
    2.45
  ],
  [
    2.43
  ],
  [
    2.45
  ],
  [
    2.43
  ],
  [
    2.44
  ],
  [
    2.44
  ],
  [
    2.44
  ],
  [
    2.44
  ],
  [
    2.44
  ],
  [
    2.44
  ],
  [
    2.44
  ],
  [
    2.44
  ],
  [
    2.44
  ],
  [
    2.44
  ],
  [
    2.44
  ],
  [
    2.44
  ],
  [
    2.44
  ],
  [
    2.44
  ],
  [
    2.44
  ],
  [
    2.44
  ],
  [
    2.44
  ],
  [
    2.44
  ],
  [
    2.44
  ],
  [
    2.44
  ],
  [
    2.44
  ],
  [
    2.44
  ],
  [
    2.44
  ],
  [
    2.44
  ],
  [
    2.44
  ],
  [
    2.44
  ],
  [
    2.44
  ],
  [
    2.44
  ],
  [
    2.44
  ],
  [
    2.44
  ],
  [
    2.44
  ],
  [
    2.44
  ],
  [
    2.44
  ],
  [
    2.44
  ],
  [
    2.44
  ],
  [
    2.44
  ],
  [
    2.43
  ],
  [
    2.45
  ],
  [
    2.43
  ],
  [
    2.45
  ],
  [
    2.42
  ],
  [
    2.47
  ],
  [
    2.31
  ],
  [
    2.02
  ],
  [
    2.05
  ],
  [
    2.03
  ],
  [
    2.05
  ],
  [
    2.04
  ],
  [
    2.04
  ],
  [
    2.04
  ],
  [
    2.04
  ],
  [
    2.04
  ],
  [
    2.04
  ],
  [
    2.04
  ],
  [
    2.04
  ],
  [
    2.04
  ],
  [
    2.04
  ],
  [
    2.04
  ],
  [
    2.04
  ],
  [
    2.04
  ],
  [
    2.04
  ],
  [
    2.04
  ],
  [
    2.04
  ],
  [
    2.04
  ],
  [
    2.04
  ],
  [
    2.04
  ],
  [
    2.04
  ],
  [
    2.04
  ],
  [
    2.04
  ],
  [
    2.04
  ],
  [
    2.04
  ],
  [
    2.04
  ],
  [
    2.04
  ],
  [
    2.04
  ],
  [
    2.04
  ],
  [
    2.04
  ],
  [
    2.04
  ],
  [
    2.04
  ],
  [
    2.04
  ],
  [
    2.04
  ],
  [
    2.04
  ],
  [
    2.04
  ],
  [
    2.04
  ],
  [
    2.04
  ],
  [
    2.04
  ],
  [
    2.04
  ],
  [
    2.04
  ],
  [
    2.04
  ],
  [
    2.04
  ],
  [
    2.04
  ],
  [
    2.04
  ],
  [
    2.04
  ],
  [
    2.04
  ],
  [
    2.04
  ],
  [
    2.04
  ],
  [
    2.04
  ],
  [
    2.04
  ],
  [
    2.04
  ],
  [
    2.04
  ],
  [
    2.04
  ],
  [
    2.04
  ],
  [
    2.04
  ],
  [
    2.04
  ],
  [
    2.04
  ],
  [
    2.04
  ],
  [
    2.04
  ],
  [
    2.04
  ],
  [
    2.04
  ],
  [
    2.04
  ],
  [
    2.04
  ],
  [
    2.04
  ],
  [
    2.04
  ],
  [
    2.04
  ],
  [
    2.04
  ],
  [
    2.04
  ],
  [
    2.04
  ],
  [
    2.04
  ],
  [
    2.04
  ],
  [
    2.04
  ],
  [
    2.04
  ],
  [
    2.04
  ],
  [
    2.04
  ],
  [
    2.04
  ],
  [
    2.04
  ],
  [
    2.04
  ],
  [
    2.04
  ],
  [
    2.04
  ],
  [
    2.04
  ],
  [
    2.04
  ],
  [
    2.04
  ],
  [
    2.04
  ],
  [
    2.04
  ],
  [
    2.04
  ],
  [
    2.04
  ],
  [
    2.04
  ],
  [
    2.04
  ],
  [
    2.04
  ],
  [
    2.04
  ],
  [
    2.04
  ],
  [
    2.04
  ],
  [
    2.04
  ],
  [
    2.04
  ],
  [
    2.04
  ],
  [
    2.04
  ],
  [
    2.04
  ],
  [
    2.04
  ],
  [
    2.04
  ],
  [
    2.04
  ],
  [
    2.04
  ],
  [
    2.04
  ],
  [
    2.04
  ],
  [
    2.04
  ],
  [
    2.04
  ],
  [
    2.04
  ],
  [
    2.04
  ],
  [
    2.04
  ],
  [
    2.04
  ],
  [
    2.04
  ],
  [
    2.04
  ],
  [
    2.04
  ],
  [
    2.04
  ],
  [
    2.04
  ],
  [
    2.04
  ],
  [
    2.04
  ],
  [
    2.04
  ],
  [
    2.04
  ],
  [
    2.04
  ],
  [
    2.04
  ],
  [
    2.04
  ],
  [
    2.04
  ],
  [
    2.04
  ],
  [
    2.04
  ],
  [
    2.04
  ],
  [
    2.04
  ],
  [
    2.04
  ],
  [
    2.04
  ],
  [
    2.04
  ],
  [
    2.04
  ],
  [
    2.04
  ],
  [
    2.04
  ],
  [
    2.04
  ],
  [
    2.04
  ],
  [
    2.04
  ],
  [
    2.04
  ],
  [
    2.04
  ],
  [
    2.04
  ],
  [
    2.04
  ],
  [
    2.04
  ],
  [
    2.04
  ],
  [
    2.04
  ],
  [
    2.04
  ],
  [
    2.04
  ],
  [
    2.04
  ],
  [
    2.04
  ],
  [
    2.04
  ],
  [
    2.04
  ],
  [
    2.04
  ],
  [
    2.04
  ],
  [
    2.04
  ],
  [
    2.04
  ],
  [
    2.04
  ],
  [
    2.04
  ],
  [
    2.04
  ],
  [
    2.04
  ],
  [
    2.04
  ],
  [
    2.04
  ],
  [
    2.04
  ],
  [
    2.04
  ],
  [
    2.04
  ],
  [
    2.04
  ],
  [
    2.04
  ],
  [
    2.04
  ],
  [
    2.04
  ],
  [
    2.04
  ],
  [
    2.04
  ],
  [
    2.04
  ],
  [
    2.04
  ],
  [
    2.04
  ],
  [
    2.04
  ],
  [
    2.04
  ],
  [
    2.04
  ],
  [
    2.04
  ],
  [
    2.04
  ],
  [
    2.04
  ],
  [
    2.04
  ],
  [
    2.04
  ],
  [
    2.04
  ],
  [
    2.04
  ],
  [
    2.04
  ],
  [
    2.04
  ],
  [
    2.04
  ],
  [
    2.04
  ],
  [
    2.04
  ],
  [
    2.04
  ],
  [
    2.04
  ],
  [
    2.04
  ],
  [
    2.04
  ],
  [
    2.04
  ],
  [
    2.04
  ],
  [
    2.04
  ],
  [
    2.04
  ],
  [
    2.04
  ],
  [
    2.04
  ],
  [
    2.04
  ],
  [
    2.04
  ],
  [
    2.04
  ],
  [
    2.04
  ],
  [
    2.04
  ],
  [
    2.04
  ],
  [
    2.04
  ],
  [
    2.04
  ],
  [
    2.04
  ],
  [
    2.04
  ],
  [
    2.04
  ],
  [
    2.04
  ],
  [
    2.04
  ],
  [
    2.04
  ],
  [
    2.04
  ],
  [
    2.04
  ],
  [
    2.04
  ],
  [
    2.04
  ],
  [
    2.04
  ],
  [
    2.04
  ],
  [
    2.04
  ],
  [
    2.04
  ],
  [
    2.04
  ],
  [
    2.04
  ],
  [
    2.04
  ],
  [
    2.04
  ],
  [
    2.04
  ],
  [
    2.04
  ],
  [
    2.04
  ],
  [
    2.04
  ],
  [
    2.04
  ],
  [
    2.04
  ],
  [
    2.04
  ],
  [
    2.04
  ],
  [
    2.04
  ],
  [
    2.04
  ],
  [
    2.04
  ],
  [
    2.04
  ],
  [
    2.04
  ],
  [
    2.04
  ],
  [
    2.04
  ],
  [
    2.04
  ],
  [
    2.04
  ],
  [
    2.04
  ],
  [
    2.04
  ],
  [
    2.04
  ],
  [
    2.04
  ],
  [
    2.04
  ],
  [
    2.04
  ],
  [
    2.04
  ],
  [
    2.04
  ],
  [
    2.04
  ],
  [
    2.04
  ],
  [
    2.04
  ],
  [
    2.04
  ],
  [
    2.04
  ],
  [
    2.04
  ],
  [
    2.04
  ],
  [
    2.04
  ],
  [
    2.04
  ],
  [
    2.04
  ],
  [
    2.05
  ],
  [
    2.03
  ],
  [
    2.05
  ],
  [
    2.03
  ],
  [
    2.06
  ],
  [
    2.01
  ],
  [
    2.11
  ],
  [
    1.65
  ],
  [
    1.23
  ],
  [
    1.33
  ],
  [
    1.28
  ],
  [
    1.32
  ],
  [
    1.29
  ],
  [
    1.31
  ],
  [
    1.29
  ],
  [
    1.3
  ],
  [
    1.3
  ],
  [
    1.3
  ],
  [
    1.3
  ],
  [
    1.3
  ],
  [
    1.3
  ],
  [
    1.3
  ],
  [
    1.3
  ],
  [
    1.3
  ],
  [
    1.3
  ],
  [
    1.3
  ],
  [
    1.3
  ],
  [
    1.3
  ],
  [
    1.3
  ],
  [
    1.3
  ],
  [
    1.3
  ],
  [
    1.3
  ],
  [
    1.3
  ],
  [
    1.3
  ],
  [
    1.3
  ],
  [
    1.3
  ],
  [
    1.3
  ],
  [
    1.3
  ],
  [
    1.29
  ],
  [
    1.31
  ],
  [
    1.29
  ],
  [
    1.31
  ],
  [
    1.29
  ],
  [
    1.31
  ],
  [
    1.28
  ],
  [
    1.37
  ],
  [
    1.73
  ],
  [
    1.73
  ],
  [
    1.73
  ],
  [
    1.73
  ],
  [
    1.73
  ],
  [
    1.74
  ],
  [
    1.72
  ],
  [
    1.74
  ],
  [
    1.72
  ],
  [
    1.74
  ],
  [
    1.73
  ],
  [
    1.73
  ],
  [
    1.73
  ],
  [
    1.73
  ],
  [
    1.73
  ],
  [
    1.73
  ],
  [
    1.73
  ],
  [
    1.73
  ],
  [
    1.73
  ],
  [
    1.73
  ],
  [
    1.73
  ],
  [
    1.72
  ],
  [
    1.74
  ],
  [
    1.72
  ],
  [
    1.76
  ],
  [
    1.55
  ],
  [
    1.36
  ],
  [
    1.41
  ],
  [
    1.38
  ],
  [
    1.4
  ],
  [
    1.39
  ],
  [
    1.4
  ],
  [
    1.39
  ],
  [
    1.39
  ],
  [
    1.39
  ],
  [
    1.39
  ],
  [
    1.39
  ],
  [
    1.39
  ],
  [
    1.39
  ],
  [
    1.39
  ],
  [
    1.39
  ],
  [
    1.39
  ],
  [
    1.39
  ],
  [
    1.39
  ],
  [
    1.39
  ],
  [
    1.39
  ],
  [
    1.39
  ],
  [
    1.39
  ],
  [
    1.39
  ],
  [
    1.39
  ],
  [
    1.39
  ],
  [
    1.39
  ],
  [
    1.39
  ],
  [
    1.39
  ],
  [
    1.39
  ],
  [
    1.39
  ],
  [
    1.4
  ],
  [
    1.39
  ],
  [
    1.4
  ],
  [
    1.39
  ],
  [
    1.4
  ],
  [
    1.39
  ],
  [
    1.4
  ],
  [
    1.39
  ],
  [
    1.4
  ],
  [
    1.39
  ],
  [
    1.4
  ],
  [
    1.39
  ],
  [
    1.4
  ],
  [
    1.39
  ],
  [
    1.39
  ],
  [
    1.39
  ],
  [
    1.39
  ],
  [
    1.39
  ],
  [
    1.39
  ],
  [
    1.4
  ],
  [
    1.39
  ],
  [
    1.4
  ],
  [
    1.39
  ],
  [
    1.4
  ],
  [
    1.38
  ],
  [
    1.4
  ],
  [
    1.38
  ],
  [
    1.41
  ],
  [
    1.38
  ],
  [
    1.41
  ],
  [
    1.38
  ],
  [
    1.41
  ],
  [
    1.38
  ],
  [
    1.41
  ],
  [
    1.38
  ],
  [
    1.41
  ],
  [
    1.38
  ],
  [
    1.41
  ],
  [
    1.38
  ],
  [
    1.4
  ],
  [
    1.39
  ],
  [
    1.38
  ],
  [
    1.41
  ],
  [
    1.35
  ],
  [
    1.47
  ],
  [
    1.24
  ],
  [
    3.51
  ],
  [
    4.6
  ],
  [
    4.24
  ],
  [
    4.46
  ],
  [
    4.3
  ],
  [
    4.43
  ],
  [
    4.32
  ],
  [
    4.41
  ],
  [
    4.34
  ],
  [
    4.4
  ],
  [
    4.35
  ],
  [
    4.39
  ],
  [
    4.36
  ],
  [
    4.38
  ],
  [
    4.36
  ],
  [
    4.37
  ],
  [
    4.37
  ],
  [
    4.37
  ],
  [
    4.37
  ],
  [
    4.36
  ],
  [
    4.37
  ],
  [
    4.36
  ],
  [
    4.38
  ],
  [
    4.36
  ],
  [
    4.38
  ],
  [
    4.36
  ],
  [
    4.38
  ],
  [
    4.36
  ],
  [
    4.38
  ],
  [
    4.36
  ],
  [
    4.38
  ],
  [
    4.36
  ],
  [
    4.37
  ],
  [
    4.36
  ],
  [
    4.37
  ],
  [
    4.37
  ],
  [
    4.37
  ],
  [
    4.37
  ],
  [
    4.37
  ],
  [
    4.37
  ],
  [
    4.37
  ],
  [
    4.37
  ],
  [
    4.37
  ],
  [
    4.37
  ],
  [
    4.37
  ],
  [
    4.37
  ],
  [
    4.37
  ],
  [
    4.37
  ],
  [
    4.37
  ],
  [
    4.37
  ],
  [
    4.37
  ],
  [
    4.37
  ],
  [
    4.37
  ],
  [
    4.37
  ],
  [
    4.37
  ],
  [
    4.37
  ],
  [
    4.37
  ],
  [
    4.37
  ],
  [
    4.37
  ],
  [
    4.37
  ],
  [
    4.36
  ],
  [
    4.37
  ],
  [
    4.36
  ],
  [
    4.37
  ],
  [
    4.36
  ],
  [
    4.38
  ],
  [
    4.36
  ],
  [
    4.38
  ],
  [
    4.36
  ],
  [
    4.38
  ],
  [
    4.36
  ],
  [
    4.38
  ],
  [
    4.36
  ],
  [
    4.38
  ],
  [
    4.36
  ],
  [
    4.38
  ],
  [
    4.34
  ],
  [
    3.65
  ],
  [
    3.52
  ],
  [
    3.57
  ],
  [
    3.53
  ],
  [
    3.56
  ],
  [
    3.54
  ],
  [
    3.56
  ],
  [
    3.54
  ],
  [
    3.56
  ],
  [
    3.54
  ],
  [
    3.56
  ],
  [
    3.54
  ],
  [
    3.56
  ],
  [
    3.54
  ],
  [
    3.55
  ],
  [
    3.55
  ],
  [
    3.55
  ],
  [
    3.55
  ],
  [
    3.55
  ],
  [
    3.55
  ],
  [
    3.55
  ],
  [
    3.55
  ],
  [
    3.55
  ],
  [
    3.55
  ],
  [
    3.55
  ],
  [
    3.55
  ],
  [
    3.55
  ],
  [
    3.55
  ],
  [
    3.55
  ],
  [
    3.55
  ],
  [
    3.55
  ],
  [
    3.55
  ],
  [
    3.55
  ],
  [
    3.55
  ],
  [
    3.55
  ],
  [
    3.55
  ],
  [
    3.55
  ],
  [
    3.55
  ],
  [
    3.55
  ],
  [
    3.55
  ],
  [
    3.55
  ],
  [
    3.55
  ],
  [
    3.55
  ],
  [
    3.55
  ],
  [
    3.55
  ],
  [
    3.55
  ],
  [
    3.55
  ],
  [
    3.55
  ],
  [
    3.55
  ],
  [
    3.55
  ],
  [
    3.55
  ],
  [
    3.55
  ],
  [
    3.55
  ],
  [
    3.55
  ],
  [
    3.55
  ],
  [
    3.55
  ],
  [
    3.55
  ],
  [
    3.55
  ],
  [
    3.55
  ],
  [
    3.55
  ],
  [
    3.55
  ],
  [
    3.55
  ],
  [
    3.55
  ],
  [
    3.55
  ],
  [
    3.55
  ],
  [
    3.55
  ],
  [
    3.55
  ],
  [
    3.55
  ],
  [
    3.55
  ],
  [
    3.55
  ],
  [
    3.55
  ],
  [
    3.55
  ],
  [
    3.55
  ],
  [
    3.55
  ],
  [
    3.55
  ],
  [
    3.55
  ],
  [
    3.55
  ],
  [
    3.55
  ],
  [
    3.55
  ],
  [
    3.55
  ],
  [
    3.55
  ],
  [
    3.55
  ],
  [
    3.55
  ],
  [
    3.55
  ],
  [
    3.55
  ],
  [
    3.55
  ],
  [
    3.55
  ],
  [
    3.55
  ],
  [
    3.55
  ],
  [
    3.55
  ],
  [
    3.55
  ],
  [
    3.55
  ],
  [
    3.55
  ],
  [
    3.55
  ],
  [
    3.55
  ],
  [
    3.55
  ],
  [
    3.55
  ],
  [
    3.55
  ],
  [
    3.55
  ],
  [
    3.55
  ],
  [
    3.55
  ],
  [
    3.55
  ],
  [
    3.55
  ],
  [
    3.55
  ],
  [
    3.55
  ],
  [
    3.55
  ],
  [
    3.55
  ],
  [
    3.55
  ],
  [
    3.55
  ],
  [
    3.55
  ],
  [
    3.55
  ],
  [
    3.55
  ],
  [
    3.55
  ],
  [
    3.55
  ],
  [
    3.55
  ],
  [
    3.55
  ],
  [
    3.55
  ],
  [
    3.55
  ],
  [
    3.55
  ],
  [
    3.55
  ],
  [
    3.55
  ],
  [
    3.55
  ],
  [
    3.55
  ],
  [
    3.55
  ],
  [
    3.55
  ],
  [
    3.55
  ],
  [
    3.55
  ],
  [
    3.55
  ],
  [
    3.55
  ],
  [
    3.55
  ],
  [
    3.55
  ],
  [
    3.55
  ],
  [
    3.55
  ],
  [
    3.55
  ],
  [
    3.55
  ],
  [
    3.55
  ],
  [
    3.55
  ],
  [
    3.55
  ],
  [
    3.55
  ],
  [
    3.55
  ],
  [
    3.55
  ],
  [
    3.55
  ],
  [
    3.55
  ],
  [
    3.55
  ],
  [
    3.55
  ],
  [
    3.55
  ],
  [
    3.55
  ],
  [
    3.55
  ],
  [
    3.55
  ],
  [
    3.55
  ],
  [
    3.55
  ],
  [
    3.55
  ],
  [
    3.55
  ],
  [
    3.55
  ],
  [
    3.55
  ],
  [
    3.55
  ],
  [
    3.55
  ],
  [
    3.55
  ],
  [
    3.55
  ],
  [
    3.55
  ],
  [
    3.55
  ],
  [
    3.55
  ],
  [
    3.55
  ],
  [
    3.55
  ],
  [
    3.55
  ],
  [
    3.55
  ],
  [
    3.55
  ],
  [
    3.55
  ],
  [
    3.55
  ],
  [
    3.55
  ],
  [
    3.55
  ],
  [
    3.55
  ],
  [
    3.55
  ],
  [
    3.55
  ],
  [
    3.55
  ],
  [
    3.55
  ],
  [
    3.55
  ],
  [
    3.55
  ],
  [
    3.55
  ],
  [
    3.55
  ],
  [
    3.55
  ],
  [
    3.55
  ],
  [
    3.55
  ],
  [
    3.55
  ],
  [
    3.55
  ],
  [
    3.55
  ],
  [
    3.55
  ],
  [
    3.55
  ],
  [
    3.55
  ],
  [
    3.56
  ],
  [
    3.54
  ],
  [
    3.56
  ],
  [
    3.54
  ],
  [
    3.56
  ],
  [
    3.54
  ],
  [
    3.56
  ],
  [
    3.54
  ],
  [
    3.56
  ],
  [
    3.54
  ],
  [
    3.55
  ],
  [
    3.55
  ],
  [
    3.55
  ],
  [
    3.55
  ],
  [
    3.55
  ],
  [
    3.55
  ],
  [
    3.54
  ],
  [
    3.56
  ],
  [
    3.54
  ],
  [
    3.57
  ],
  [
    3.53
  ],
  [
    3.58
  ],
  [
    3.51
  ],
  [
    3.59
  ],
  [
    3.49
  ],
  [
    3.62
  ],
  [
    3.44
  ],
  [
    3.74
  ],
  [
    2.8
  ],
  [
    1.15
  ],
  [
    1.37
  ],
  [
    1.26
  ],
  [
    1.32
  ],
  [
    1.29
  ],
  [
    1.31
  ],
  [
    1.3
  ],
  [
    1.3
  ],
  [
    1.31
  ],
  [
    1.29
  ],
  [
    1.31
  ],
  [
    1.29
  ],
  [
    1.31
  ],
  [
    1.29
  ],
  [
    1.31
  ],
  [
    1.29
  ],
  [
    1.31
  ],
  [
    1.29
  ],
  [
    1.31
  ],
  [
    1.29
  ],
  [
    1.31
  ],
  [
    1.29
  ],
  [
    1.31
  ],
  [
    1.29
  ],
  [
    1.3
  ],
  [
    1.3
  ],
  [
    1.3
  ],
  [
    1.3
  ],
  [
    1.3
  ],
  [
    1.3
  ],
  [
    1.3
  ],
  [
    1.3
  ],
  [
    1.3
  ],
  [
    1.3
  ],
  [
    1.3
  ],
  [
    1.3
  ],
  [
    1.3
  ],
  [
    1.3
  ],
  [
    1.3
  ],
  [
    1.3
  ],
  [
    1.3
  ],
  [
    1.3
  ],
  [
    1.3
  ],
  [
    1.3
  ],
  [
    1.3
  ],
  [
    1.3
  ],
  [
    1.3
  ],
  [
    1.3
  ],
  [
    1.3
  ],
  [
    1.3
  ],
  [
    1.3
  ],
  [
    1.3
  ],
  [
    1.3
  ],
  [
    1.3
  ],
  [
    1.3
  ],
  [
    1.3
  ],
  [
    1.3
  ],
  [
    1.3
  ],
  [
    1.3
  ],
  [
    1.3
  ],
  [
    1.3
  ],
  [
    1.3
  ],
  [
    1.3
  ],
  [
    1.3
  ],
  [
    1.3
  ],
  [
    1.3
  ],
  [
    1.3
  ],
  [
    1.3
  ],
  [
    1.3
  ],
  [
    1.3
  ],
  [
    1.3
  ],
  [
    1.3
  ],
  [
    1.3
  ],
  [
    1.3
  ],
  [
    1.3
  ],
  [
    1.3
  ],
  [
    1.3
  ],
  [
    1.3
  ],
  [
    1.3
  ],
  [
    1.3
  ],
  [
    1.3
  ],
  [
    1.3
  ],
  [
    1.3
  ],
  [
    1.3
  ],
  [
    1.3
  ],
  [
    1.3
  ],
  [
    1.3
  ],
  [
    1.3
  ],
  [
    1.3
  ],
  [
    1.3
  ],
  [
    1.3
  ],
  [
    1.3
  ],
  [
    1.3
  ],
  [
    1.3
  ],
  [
    1.3
  ],
  [
    1.3
  ],
  [
    1.3
  ],
  [
    1.3
  ],
  [
    1.3
  ],
  [
    1.3
  ],
  [
    1.3
  ],
  [
    1.3
  ],
  [
    1.3
  ],
  [
    1.3
  ],
  [
    1.3
  ],
  [
    1.3
  ],
  [
    1.3
  ],
  [
    1.3
  ],
  [
    1.3
  ],
  [
    1.3
  ],
  [
    1.3
  ],
  [
    1.3
  ],
  [
    1.3
  ],
  [
    1.3
  ],
  [
    1.3
  ],
  [
    1.3
  ],
  [
    1.31
  ],
  [
    1.29
  ],
  [
    1.31
  ],
  [
    1.29
  ],
  [
    1.32
  ],
  [
    1.28
  ],
  [
    1.33
  ],
  [
    1.27
  ],
  [
    1.34
  ],
  [
    1.24
  ],
  [
    1.41
  ]
]
