{
  "accent_phrases": [
    {
      "accent": 1,
      "is_interrogative": false,
      "moras": [
        {
          "consonant": "b",
          "consonant_length": 0.5,
          "pitch": 2.56,
          "text": "ボ",
          "vowel": "o",
          "vowel_length": 1.88
        },
        {
          "consonant": null,
          "consonant_length": null,
          "pitch": 1.25,
          "text": "イ",
          "vowel": "i",
          "vowel_length": 1.31
        },
        {
          "consonant": "b",
          "consonant_length": 0.5,
          "pitch": 2.44,
          "text": "ボ",
          "vowel": "o",
          "vowel_length": 1.88
        }
      ],
      "pause_mora": null
    }
  ],
  "intonationScale": 1.0,
  "kana": "ボ'イボ",
  "outputSamplingRate": 24000,
  "outputStereo": false,
  "pauseLength": null,
  "pauseLengthScale": 1.0,
  "pitchScale": 0.0,
  "postPhonemeLength": 0.1,
  "prePhonemeLength": 0.1,
  "speedScale": 1.0,
  "volumeScale": 1.0
}
