# serializer version: 1
# name: test_post_delete_preset_204
  b''
# ---
