{
  "accent_phrases": [
    {
      "accent": 1,
      "is_interrogative": false,
      "moras": [
        {
          "consonant": "b",
          "consonant_length": 9999.5,
          "pitch": 10001.56,
          "text": "ボ",
          "vowel": "o",
          "vowel_length": 10000.88
        },
        {
          "consonant": null,
          "consonant_length": null,
          "pitch": 10000.25,
          "text": "イ",
          "vowel": "i",
          "vowel_length": 10000.31
        },
        {
          "consonant": "b",
          "consonant_length": 9999.5,
          "pitch": 10001.44,
          "text": "ボ",
          "vowel": "o",
          "vowel_length": 10000.88
        }
      ],
      "pause_mora": null
    }
  ],
  "intonationScale": 1.2,
  "kana": "ボ'イボ",
  "outputSamplingRate": 24000,
  "outputStereo": false,
  "pauseLength": 15.0,
  "pauseLengthScale": 1.4,
  "pitchScale": 0.9,
  "postPhonemeLength": 5.0,
  "prePhonemeLength": 20.0,
  "speedScale": 1.1,
  "volumeScale": 1.3
}
