# serializer version: 1
# name: test_テキストとキャラクターIDから音声を合成できる
  'MD5:8f7ddc461c68542d4d8ef4cd5c54ca82'
# ---
