# serializer version: 1
# name: test_楽譜とキャラクターIDから音声を合成できる
  'MD5:1c385210acba238994604a8cee96aee3'
# ---
