[
  {
    "0": {
      "is_morphable": true
    },
    "1": {
      "is_morphable": false
    },
    "2": {
      "is_morphable": true
    },
    "3": {
      "is_morphable": false
    },
    "4": {
      "is_morphable": true
    },
    "5": {
      "is_morphable": false
    },
    "6": {
      "is_morphable": true
    },
    "7": {
      "is_morphable": false
    },
    "8": {
      "is_morphable": false
    },
    "9": {
      "is_morphable": true
    }
  }
]
