{
  "detail": [
    {
      "input": null,
      "loc": [
        "query",
        "text"
      ],
      "msg": "Field required",
      "type": "missing"
    }
  ]
}
