[
  "AccentPhrase(moras=[Mora(text='コ', consonant='k', consonant_length=2.44, vowel='o', vowel_length=2.88, pitch=0.0), Mora(text='ン', consonant=None, consonant_length=None, vowel='N', vowel_length=1.25, pitch=0.0), Mora(text='ニ', consonant='n', consonant_length=2.75, vowel='i', vowel_length=2.31, pitch=0.0), Mora(text='チ', consonant='ch', consonant_length=1.62, vowel='i', vowel_length=2.31, pitch=0.0), Mora(text='ワ', consonant='w', consonant_length=3.62, vowel='a', vowel_length=1.44, pitch=0.0)], accent=5, pause_mora=Mora(text='、', consonant=None, consonant_length=None, vowel='pau', vowel_length=1.0, pitch=0.0), is_interrogative=False)",
  "AccentPhrase(moras=[Mora(text='ヒ', consonant='h', consonant_length=2.19, vowel='i', vowel_length=2.31, pitch=0.0), Mora(text='ホ', consonant='h', consonant_length=2.19, vowel='o', vowel_length=2.88, pitch=0.0), Mora(text='デ', consonant='d', consonant_length=1.75, vowel='e', vowel_length=1.88, pitch=0.0), Mora(text='ス', consonant='s', consonant_length=3.19, vowel='U', vowel_length=1.38, pitch=0.0)], accent=1, pause_mora=None, is_interrogative=False)"
]
