# serializer version: 1
# name: test_post_synthesis_200
  'MD5:f7d42ce5787856549abc3d2d7561c06f'
# ---
# name: test_post_synthesis_old_audio_query_200
  'MD5:f7d42ce5787856549abc3d2d7561c06f'
# ---
