# serializer version: 1
# name: test_post_frame_synthesis_200
  'MD5:1c385210acba238994604a8cee96aee3'
# ---
