# serializer version: 1
# name: test_post_multi_synthesis_200
  'MD5:f7d42ce5787856549abc3d2d7561c06f'
# ---
# name: test_post_multi_synthesis_200.1
  'MD5:f7931b06272316e78e375025dbfd03e3'
# ---
