# serializer version: 1
# name: test_post_import_user_dict_204
  b''
# ---
