# serializer version: 1
# name: test_delete_user_dict_word_204
  b''
# ---
# name: test_put_user_dict_word_204
  b''
# ---
