# serializer version: 1
# name: test_post_synthesis_morphing_200
  'MD5:afdf1e51fd9ca871fa4217b34e31130e'
# ---
