# serializer version: 1
# name: test_post_frame_synthesis_200
  'MD5:ee67a7e22f9e6c2ec519796610a2ed21'
# ---
