# serializer version: 1
# name: test_post_synthesis_200
  'MD5:c337b99b27bc5bc461faa58df029b302'
# ---
