{
  "policy": "dummy4 policy\n\nhttps://voicevox.hiroshiba.jp/\n",
  "style_infos": [
    {
      "id": 9
    }
  ]
}
