{
  "policy": "dummy1 policy\n\nhttps://voicevox.hiroshiba.jp/\n",
  "style_infos": [
    {
      "id": 4
    },
    {
      "id": 6
    }
  ]
}
