# serializer version: 1
# name: test_post_initialize_speaker_204
  b''
# ---
